2026-09-19 09:30:21 [INFO] com.moinmankar.outboxsync.Application - Starting Application using Java 23.0.1 with PID 20548 (C:\springProjects\outboxsync\target\classes started by Moin in C:\springProjects\outboxsync)
2026-09-19 09:30:21 [INFO] com.moinmankar.outboxsync.Application - No active profile set, falling back to 1 default profile: "default"
2026-09-19 09:30:22 [INFO] org.springframework.data.repository.config.RepositoryConfigurationDelegate - Bootstrapping Spring Data JPA repositories in DEFAULT mode.
2026-09-19 09:30:22 [INFO] org.springframework.data.repository.config.RepositoryConfigurationDelegate - Finished Spring Data repository scanning in 61 ms. Found 2 JPA repository interfaces.
2026-09-19 09:30:22 [INFO] org.springframework.boot.web.embedded.tomcat.TomcatWebServer - Tomcat initialized with port 8080 (http)
2026-09-19 09:30:22 [INFO] org.apache.catalina.core.StandardService - Starting service [Tomcat]
2026-09-19 09:30:22 [INFO] org.apache.catalina.core.StandardEngine - Starting Servlet engine: [Apache Tomcat/10.1.52]
2026-09-19 09:30:22 [INFO] org.apache.catalina.core.ContainerBase.[Tomcat].[localhost].[/] - Initializing Spring embedded WebApplicationContext
2026-09-19 09:30:22 [INFO] org.springframework.boot.web.servlet.context.ServletWebServerApplicationContext - Root WebApplicationContext: initialization completed in 1414 ms
2026-09-19 09:30:23 [INFO] org.hibernate.jpa.internal.util.LogHelper - HHH000204: Processing PersistenceUnitInfo [name: default]
2026-09-19 09:30:23 [INFO] org.hibernate.Version - HHH000412: Hibernate ORM core version 6.6.42.Final
2026-09-19 09:30:23 [INFO] org.hibernate.cache.internal.RegionFactoryInitiator - HHH000026: Second-level cache disabled
2026-09-19 09:30:23 [INFO] org.springframework.orm.jpa.persistenceunit.SpringPersistenceUnitInfo - No LoadTimeWeaver setup: ignoring JPA class transformer
2026-09-19 09:30:23 [INFO] com.zaxxer.hikari.HikariDataSource - HikariPool-1 - Starting...
2026-09-19 09:30:24 [INFO] com.zaxxer.hikari.pool.HikariPool - HikariPool-1 - Added connection com.mysql.cj.jdbc.ConnectionImpl@28ce75ec
2026-09-19 09:30:24 [INFO] com.zaxxer.hikari.HikariDataSource - HikariPool-1 - Start completed.
2026-09-19 09:30:24 [INFO] org.hibernate.orm.connections.pooling - HHH10001005: Database info:
	Database JDBC URL [Connecting through datasource 'HikariDataSource (HikariPool-1)']
	Database driver: undefined/unknown
	Database version: 8.0.39
	Autocommit mode: undefined/unknown
	Isolation level: undefined/unknown
	Minimum pool size: undefined/unknown
	Maximum pool size: undefined/unknown
2026-09-19 09:30:25 [INFO] org.hibernate.engine.transaction.jta.platform.internal.JtaPlatformInitiator - HHH000489: No JTA platform available (set 'hibernate.transaction.jta.platform' to enable JTA platform integration)
2026-09-19 09:30:25 [INFO] org.springframework.orm.jpa.LocalContainerEntityManagerFactoryBean - Initialized JPA EntityManagerFactory for persistence unit 'default'
2026-09-19 09:30:25 [WARN] org.springframework.boot.autoconfigure.orm.jpa.JpaBaseConfiguration$JpaWebConfiguration - spring.jpa.open-in-view is enabled by default. Therefore, database queries may be performed during view rendering. Explicitly configure spring.jpa.open-in-view to disable this warning
2026-09-19 09:30:25 [INFO] org.springframework.boot.web.embedded.tomcat.TomcatWebServer - Tomcat started on port 8080 (http) with context path '/'
2026-09-19 09:30:25 [INFO] com.moinmankar.outboxsync.Application - Started Application in 4.916 seconds (process running for 5.343)
2026-09-19 09:30:25 [INFO] com.moinmankar.outboxsync.service.OutboxWorker - ========== [WORKER START] ==========
2026-09-19 09:30:26 [DEBUG] org.hibernate.SQL - select oe1_0.id,oe1_0.created_at,oe1_0.event_type,oe1_0.last_attempted_at,oe1_0.payload,oe1_0.retry_count,oe1_0.status from outbox_event oe1_0 where oe1_0.status=?
2026-09-19 09:30:26 [INFO] com.moinmankar.outboxsync.service.OutboxWorker - [WORKER] Fetched 0 pending events
2026-09-19 09:30:26 [INFO] com.moinmankar.outboxsync.service.OutboxWorker - ========== [WORKER END] ==========
2026-09-19 09:30:30 [INFO] com.moinmankar.outboxsync.service.OutboxWorker - ========== [WORKER START] ==========
2026-09-19 09:30:30 [DEBUG] org.hibernate.SQL - select oe1_0.id,oe1_0.created_at,oe1_0.event_type,oe1_0.last_attempted_at,oe1_0.payload,oe1_0.retry_count,oe1_0.status from outbox_event oe1_0 where oe1_0.status=?
2026-09-19 09:30:30 [INFO] com.moinmankar.outboxsync.service.OutboxWorker - [WORKER] Fetched 0 pending events
2026-09-19 09:30:30 [INFO] com.moinmankar.outboxsync.service.OutboxWorker - ========== [WORKER END] ==========
2026-09-19 09:30:35 [INFO] com.moinmankar.outboxsync.service.OutboxWorker - ========== [WORKER START] ==========
2026-09-19 09:30:35 [DEBUG] org.hibernate.SQL - select oe1_0.id,oe1_0.created_at,oe1_0.event_type,oe1_0.last_attempted_at,oe1_0.payload,oe1_0.retry_count,oe1_0.status from outbox_event oe1_0 where oe1_0.status=?
2026-09-19 09:30:35 [INFO] com.moinmankar.outboxsync.service.OutboxWorker - [WORKER] Fetched 0 pending events
2026-09-19 09:30:35 [INFO] com.moinmankar.outboxsync.service.OutboxWorker - ========== [WORKER END] ==========
2026-09-19 09:30:40 [INFO] com.moinmankar.outboxsync.service.OutboxWorker - ========== [WORKER START] ==========
2026-09-19 09:30:40 [DEBUG] org.hibernate.SQL - select oe1_0.id,oe1_0.created_at,oe1_0.event_type,oe1_0.last_attempted_at,oe1_0.payload,oe1_0.retry_count,oe1_0.status from outbox_event oe1_0 where oe1_0.status=?
2026-09-19 09:30:40 [INFO] com.moinmankar.outboxsync.service.OutboxWorker - [WORKER] Fetched 0 pending events
2026-09-19 09:30:40 [INFO] com.moinmankar.outboxsync.service.OutboxWorker - ========== [WORKER END] ==========
2026-09-19 09:30:45 [INFO] com.moinmankar.outboxsync.service.OutboxWorker - ========== [WORKER START] ==========
2026-09-19 09:30:45 [DEBUG] org.hibernate.SQL - select oe1_0.id,oe1_0.created_at,oe1_0.event_type,oe1_0.last_attempted_at,oe1_0.payload,oe1_0.retry_count,oe1_0.status from outbox_event oe1_0 where oe1_0.status=?
2026-09-19 09:30:45 [INFO] com.moinmankar.outboxsync.service.OutboxWorker - [WORKER] Fetched 0 pending events
2026-09-19 09:30:45 [INFO] com.moinmankar.outboxsync.service.OutboxWorker - ========== [WORKER END] ==========
2026-09-19 09:30:50 [INFO] com.moinmankar.outboxsync.service.OutboxWorker - ========== [WORKER START] ==========
2026-09-19 09:30:50 [DEBUG] org.hibernate.SQL - select oe1_0.id,oe1_0.created_at,oe1_0.event_type,oe1_0.last_attempted_at,oe1_0.payload,oe1_0.retry_count,oe1_0.status from outbox_event oe1_0 where oe1_0.status=?
2026-09-19 09:30:50 [INFO] com.moinmankar.outboxsync.service.OutboxWorker - [WORKER] Fetched 0 pending events
2026-09-19 09:30:50 [INFO] com.moinmankar.outboxsync.service.OutboxWorker - ========== [WORKER END] ==========
2026-09-19 09:30:55 [INFO] com.moinmankar.outboxsync.service.OutboxWorker - ========== [WORKER START] ==========
2026-09-19 09:30:55 [DEBUG] org.hibernate.SQL - select oe1_0.id,oe1_0.created_at,oe1_0.event_type,oe1_0.last_attempted_at,oe1_0.payload,oe1_0.retry_count,oe1_0.status from outbox_event oe1_0 where oe1_0.status=?
2026-09-19 09:30:55 [INFO] com.moinmankar.outboxsync.service.OutboxWorker - [WORKER] Fetched 0 pending events
2026-09-19 09:30:55 [INFO] com.moinmankar.outboxsync.service.OutboxWorker - ========== [WORKER END] ==========
2026-09-19 09:31:00 [INFO] com.moinmankar.outboxsync.service.OutboxWorker - ========== [WORKER START] ==========
2026-09-19 09:31:00 [DEBUG] org.hibernate.SQL - select oe1_0.id,oe1_0.created_at,oe1_0.event_type,oe1_0.last_attempted_at,oe1_0.payload,oe1_0.retry_count,oe1_0.status from outbox_event oe1_0 where oe1_0.status=?
2026-09-19 09:31:00 [INFO] com.moinmankar.outboxsync.service.OutboxWorker - [WORKER] Fetched 0 pending events
2026-09-19 09:31:00 [INFO] com.moinmankar.outboxsync.service.OutboxWorker - ========== [WORKER END] ==========
2026-09-19 09:31:05 [INFO] com.moinmankar.outboxsync.service.OutboxWorker - ========== [WORKER START] ==========
2026-09-19 09:31:05 [DEBUG] org.hibernate.SQL - select oe1_0.id,oe1_0.created_at,oe1_0.event_type,oe1_0.last_attempted_at,oe1_0.payload,oe1_0.retry_count,oe1_0.status from outbox_event oe1_0 where oe1_0.status=?
2026-09-19 09:31:05 [INFO] com.moinmankar.outboxsync.service.OutboxWorker - [WORKER] Fetched 0 pending events
2026-09-19 09:31:05 [INFO] com.moinmankar.outboxsync.service.OutboxWorker - ========== [WORKER END] ==========
2026-09-19 09:31:10 [INFO] com.moinmankar.outboxsync.service.OutboxWorker - ========== [WORKER START] ==========
2026-09-19 09:31:10 [DEBUG] org.hibernate.SQL - select oe1_0.id,oe1_0.created_at,oe1_0.event_type,oe1_0.last_attempted_at,oe1_0.payload,oe1_0.retry_count,oe1_0.status from outbox_event oe1_0 where oe1_0.status=?
2026-09-19 09:31:10 [INFO] com.moinmankar.outboxsync.service.OutboxWorker - [WORKER] Fetched 0 pending events
2026-09-19 09:31:10 [INFO] com.moinmankar.outboxsync.service.OutboxWorker - ========== [WORKER END] ==========
2026-09-19 09:31:15 [INFO] com.moinmankar.outboxsync.service.OutboxWorker - ========== [WORKER START] ==========
2026-09-19 09:31:15 [DEBUG] org.hibernate.SQL - select oe1_0.id,oe1_0.created_at,oe1_0.event_type,oe1_0.last_attempted_at,oe1_0.payload,oe1_0.retry_count,oe1_0.status from outbox_event oe1_0 where oe1_0.status=?
2026-09-19 09:31:15 [INFO] com.moinmankar.outboxsync.service.OutboxWorker - [WORKER] Fetched 0 pending events
2026-09-19 09:31:15 [INFO] com.moinmankar.outboxsync.service.OutboxWorker - ========== [WORKER END] ==========
2026-09-19 09:31:20 [INFO] com.moinmankar.outboxsync.service.OutboxWorker - ========== [WORKER START] ==========
2026-09-19 09:31:20 [DEBUG] org.hibernate.SQL - select oe1_0.id,oe1_0.created_at,oe1_0.event_type,oe1_0.last_attempted_at,oe1_0.payload,oe1_0.retry_count,oe1_0.status from outbox_event oe1_0 where oe1_0.status=?
2026-09-19 09:31:20 [INFO] com.moinmankar.outboxsync.service.OutboxWorker - [WORKER] Fetched 0 pending events
2026-09-19 09:31:20 [INFO] com.moinmankar.outboxsync.service.OutboxWorker - ========== [WORKER END] ==========
2026-09-19 09:31:25 [INFO] com.moinmankar.outboxsync.service.OutboxWorker - ========== [WORKER START] ==========
2026-09-19 09:31:25 [DEBUG] org.hibernate.SQL - select oe1_0.id,oe1_0.created_at,oe1_0.event_type,oe1_0.last_attempted_at,oe1_0.payload,oe1_0.retry_count,oe1_0.status from outbox_event oe1_0 where oe1_0.status=?
2026-09-19 09:31:25 [INFO] com.moinmankar.outboxsync.service.OutboxWorker - [WORKER] Fetched 0 pending events
2026-09-19 09:31:25 [INFO] com.moinmankar.outboxsync.service.OutboxWorker - ========== [WORKER END] ==========
2026-09-19 09:31:30 [INFO] com.moinmankar.outboxsync.service.OutboxWorker - ========== [WORKER START] ==========
2026-09-19 09:31:30 [DEBUG] org.hibernate.SQL - select oe1_0.id,oe1_0.created_at,oe1_0.event_type,oe1_0.last_attempted_at,oe1_0.payload,oe1_0.retry_count,oe1_0.status from outbox_event oe1_0 where oe1_0.status=?
2026-09-19 09:31:30 [INFO] com.moinmankar.outboxsync.service.OutboxWorker - [WORKER] Fetched 0 pending events
2026-09-19 09:31:30 [INFO] com.moinmankar.outboxsync.service.OutboxWorker - ========== [WORKER END] ==========
2026-09-19 09:31:35 [INFO] com.moinmankar.outboxsync.service.OutboxWorker - ========== [WORKER START] ==========
2026-09-19 09:31:35 [DEBUG] org.hibernate.SQL - select oe1_0.id,oe1_0.created_at,oe1_0.event_type,oe1_0.last_attempted_at,oe1_0.payload,oe1_0.retry_count,oe1_0.status from outbox_event oe1_0 where oe1_0.status=?
2026-09-19 09:31:35 [INFO] com.moinmankar.outboxsync.service.OutboxWorker - [WORKER] Fetched 0 pending events
2026-09-19 09:31:35 [INFO] com.moinmankar.outboxsync.service.OutboxWorker - ========== [WORKER END] ==========
2026-09-19 16:56:34 [INFO] com.moinmankar.outboxsync.Application - Starting Application using Java 23.0.1 with PID 8380 (C:\springProjects\outboxsync\target\classes started by Moin in C:\springProjects\outboxsync)
2026-09-19 16:56:34 [INFO] com.moinmankar.outboxsync.Application - No active profile set, falling back to 1 default profile: "default"
2026-09-19 16:56:34 [INFO] org.springframework.data.repository.config.RepositoryConfigurationDelegate - Bootstrapping Spring Data JPA repositories in DEFAULT mode.
2026-09-19 16:56:34 [INFO] org.springframework.data.repository.config.RepositoryConfigurationDelegate - Finished Spring Data repository scanning in 52 ms. Found 4 JPA repository interfaces.
2026-09-19 16:56:35 [INFO] org.springframework.boot.web.embedded.tomcat.TomcatWebServer - Tomcat initialized with port 8080 (http)
2026-09-19 16:56:35 [INFO] org.apache.catalina.core.StandardService - Starting service [Tomcat]
2026-09-19 16:56:35 [INFO] org.apache.catalina.core.StandardEngine - Starting Servlet engine: [Apache Tomcat/10.1.52]
2026-09-19 16:56:35 [INFO] org.apache.catalina.core.ContainerBase.[Tomcat].[localhost].[/] - Initializing Spring embedded WebApplicationContext
2026-09-19 16:56:35 [INFO] org.springframework.boot.web.servlet.context.ServletWebServerApplicationContext - Root WebApplicationContext: initialization completed in 1111 ms
2026-09-19 16:56:35 [INFO] org.hibernate.jpa.internal.util.LogHelper - HHH000204: Processing PersistenceUnitInfo [name: default]
2026-09-19 16:56:35 [INFO] org.hibernate.Version - HHH000412: Hibernate ORM core version 6.6.42.Final
2026-09-19 16:56:35 [INFO] org.hibernate.cache.internal.RegionFactoryInitiator - HHH000026: Second-level cache disabled
2026-09-19 16:56:35 [INFO] org.springframework.orm.jpa.persistenceunit.SpringPersistenceUnitInfo - No LoadTimeWeaver setup: ignoring JPA class transformer
2026-09-19 16:56:35 [INFO] com.zaxxer.hikari.HikariDataSource - HikariPool-1 - Starting...
2026-09-19 16:56:36 [INFO] com.zaxxer.hikari.pool.HikariPool - HikariPool-1 - Added connection com.mysql.cj.jdbc.ConnectionImpl@1c90029b
2026-09-19 16:56:36 [INFO] com.zaxxer.hikari.HikariDataSource - HikariPool-1 - Start completed.
2026-09-19 16:56:36 [INFO] org.hibernate.orm.connections.pooling - HHH10001005: Database info:
	Database JDBC URL [Connecting through datasource 'HikariDataSource (HikariPool-1)']
	Database driver: undefined/unknown
	Database version: 8.0.39
	Autocommit mode: undefined/unknown
	Isolation level: undefined/unknown
	Minimum pool size: undefined/unknown
	Maximum pool size: undefined/unknown
2026-09-19 16:56:36 [INFO] org.hibernate.engine.transaction.jta.platform.internal.JtaPlatformInitiator - HHH000489: No JTA platform available (set 'hibernate.transaction.jta.platform' to enable JTA platform integration)
2026-09-19 16:56:37 [DEBUG] org.hibernate.SQL - alter table orders modify column id binary(16) not null
2026-09-19 16:56:37 [DEBUG] org.hibernate.SQL - alter table orders add column total_amount decimal(12,2) not null
2026-09-19 16:56:37 [DEBUG] org.hibernate.SQL - alter table orders modify column product_id binary(16) not null
2026-09-19 16:56:37 [DEBUG] org.hibernate.SQL - alter table orders modify column user_id binary(16) not null
2026-09-19 16:56:37 [DEBUG] org.hibernate.SQL - create table products (id binary(16) not null, created_at datetime(6) not null, description varchar(1000), is_active bit not null, name varchar(255) not null, price decimal(12,2) not null, stock_quantity integer not null, updated_at datetime(6) not null, primary key (id)) engine=InnoDB
2026-09-19 16:56:37 [DEBUG] org.hibernate.SQL - create table users (id binary(16) not null, created_at datetime(6) not null, email varchar(255) not null, enabled bit not null, name varchar(255) not null, password varchar(255) not null, role enum ('ADMIN','USER') not null, updated_at datetime(6) not null, primary key (id)) engine=InnoDB
2026-09-19 16:56:37 [DEBUG] org.hibernate.SQL - alter table users drop index UK6dotkott2kjsp8vw4d0m25fb7
2026-09-19 16:56:37 [DEBUG] org.hibernate.SQL - alter table users add constraint UK6dotkott2kjsp8vw4d0m25fb7 unique (email)
2026-09-19 16:56:37 [DEBUG] org.hibernate.SQL - alter table orders add constraint FKkp5k52qtiygd8jkag4hayd0qg foreign key (product_id) references products (id)
2026-09-19 16:56:37 [WARN] org.hibernate.tool.schema.internal.ExceptionHandlerLoggedImpl - GenerationTarget encountered exception accepting command : Error executing DDL "alter table orders add constraint FKkp5k52qtiygd8jkag4hayd0qg foreign key (product_id) references products (id)" via JDBC [Cannot add or update a child row: a foreign key constraint fails (`outbox_db`.`#sql-1a4c_a`, CONSTRAINT `FKkp5k52qtiygd8jkag4hayd0qg` FOREIGN KEY (`product_id`) REFERENCES `products` (`id`))]
org.hibernate.tool.schema.spi.CommandAcceptanceException: Error executing DDL "alter table orders add constraint FKkp5k52qtiygd8jkag4hayd0qg foreign key (product_id) references products (id)" via JDBC [Cannot add or update a child row: a foreign key constraint fails (`outbox_db`.`#sql-1a4c_a`, CONSTRAINT `FKkp5k52qtiygd8jkag4hayd0qg` FOREIGN KEY (`product_id`) REFERENCES `products` (`id`))]
	at org.hibernate.tool.schema.internal.exec.GenerationTargetToDatabase.accept(GenerationTargetToDatabase.java:94)
	at org.hibernate.tool.schema.internal.AbstractSchemaMigrator.applySqlString(AbstractSchemaMigrator.java:576)
	at org.hibernate.tool.schema.internal.AbstractSchemaMigrator.applySqlStrings(AbstractSchemaMigrator.java:516)
	at org.hibernate.tool.schema.internal.AbstractSchemaMigrator.applyForeignKeys(AbstractSchemaMigrator.java:448)
	at org.hibernate.tool.schema.internal.AbstractSchemaMigrator.performMigration(AbstractSchemaMigrator.java:269)
	at org.hibernate.tool.schema.internal.AbstractSchemaMigrator.doMigration(AbstractSchemaMigrator.java:112)
	at org.hibernate.tool.schema.spi.SchemaManagementToolCoordinator.performDatabaseAction(SchemaManagementToolCoordinator.java:280)
	at org.hibernate.tool.schema.spi.SchemaManagementToolCoordinator.lambda$process$5(SchemaManagementToolCoordinator.java:144)
	at java.base/java.util.HashMap.forEach(HashMap.java:1430)
	at org.hibernate.tool.schema.spi.SchemaManagementToolCoordinator.process(SchemaManagementToolCoordinator.java:141)
	at org.hibernate.boot.internal.SessionFactoryObserverForSchemaExport.sessionFactoryCreated(SessionFactoryObserverForSchemaExport.java:37)
	at org.hibernate.internal.SessionFactoryObserverChain.sessionFactoryCreated(SessionFactoryObserverChain.java:35)
	at org.hibernate.internal.SessionFactoryImpl.<init>(SessionFactoryImpl.java:324)
	at org.hibernate.boot.internal.SessionFactoryBuilderImpl.build(SessionFactoryBuilderImpl.java:463)
	at org.hibernate.jpa.boot.internal.EntityManagerFactoryBuilderImpl.build(EntityManagerFactoryBuilderImpl.java:1517)
	at org.springframework.orm.jpa.vendor.SpringHibernateJpaPersistenceProvider.createContainerEntityManagerFactory(SpringHibernateJpaPersistenceProvider.java:66)
	at org.springframework.orm.jpa.LocalContainerEntityManagerFactoryBean.createNativeEntityManagerFactory(LocalContainerEntityManagerFactoryBean.java:388)
	at org.springframework.orm.jpa.AbstractEntityManagerFactoryBean.buildNativeEntityManagerFactory(AbstractEntityManagerFactoryBean.java:419)
	at org.springframework.orm.jpa.AbstractEntityManagerFactoryBean.afterPropertiesSet(AbstractEntityManagerFactoryBean.java:400)
	at org.springframework.orm.jpa.LocalContainerEntityManagerFactoryBean.afterPropertiesSet(LocalContainerEntityManagerFactoryBean.java:364)
	at org.springframework.beans.factory.support.AbstractAutowireCapableBeanFactory.invokeInitMethods(AbstractAutowireCapableBeanFactory.java:1873)
	at org.springframework.beans.factory.support.AbstractAutowireCapableBeanFactory.initializeBean(AbstractAutowireCapableBeanFactory.java:1822)
	at org.springframework.beans.factory.support.AbstractAutowireCapableBeanFactory.doCreateBean(AbstractAutowireCapableBeanFactory.java:607)
	at org.springframework.beans.factory.support.AbstractAutowireCapableBeanFactory.createBean(AbstractAutowireCapableBeanFactory.java:529)
	at org.springframework.beans.factory.support.AbstractBeanFactory.lambda$doGetBean$0(AbstractBeanFactory.java:339)
	at org.springframework.beans.factory.support.DefaultSingletonBeanRegistry.getSingleton(DefaultSingletonBeanRegistry.java:373)
	at org.springframework.beans.factory.support.AbstractBeanFactory.doGetBean(AbstractBeanFactory.java:337)
	at org.springframework.beans.factory.support.AbstractBeanFactory.getBean(AbstractBeanFactory.java:207)
	at org.springframework.context.support.AbstractApplicationContext.finishBeanFactoryInitialization(AbstractApplicationContext.java:974)
	at org.springframework.context.support.AbstractApplicationContext.refresh(AbstractApplicationContext.java:628)
	at org.springframework.boot.web.servlet.context.ServletWebServerApplicationContext.refresh(ServletWebServerApplicationContext.java:146)
	at org.springframework.boot.SpringApplication.refresh(SpringApplication.java:752)
	at org.springframework.boot.SpringApplication.refreshContext(SpringApplication.java:439)
	at org.springframework.boot.SpringApplication.run(SpringApplication.java:318)
	at org.springframework.boot.SpringApplication.run(SpringApplication.java:1361)
	at org.springframework.boot.SpringApplication.run(SpringApplication.java:1350)
	at com.moinmankar.outboxsync.Application.main(Application.java:12)
Caused by: java.sql.SQLIntegrityConstraintViolationException: Cannot add or update a child row: a foreign key constraint fails (`outbox_db`.`#sql-1a4c_a`, CONSTRAINT `FKkp5k52qtiygd8jkag4hayd0qg` FOREIGN KEY (`product_id`) REFERENCES `products` (`id`))
	at com.mysql.cj.jdbc.exceptions.SQLError.createSQLException(SQLError.java:109)
	at com.mysql.cj.jdbc.exceptions.SQLExceptionsMapping.translateException(SQLExceptionsMapping.java:114)
	at com.mysql.cj.jdbc.StatementImpl.executeInternal(StatementImpl.java:839)
	at com.mysql.cj.jdbc.StatementImpl.execute(StatementImpl.java:687)
	at com.zaxxer.hikari.pool.ProxyStatement.execute(ProxyStatement.java:95)
	at com.zaxxer.hikari.pool.HikariProxyStatement.execute(HikariProxyStatement.java)
	at org.hibernate.tool.schema.internal.exec.GenerationTargetToDatabase.accept(GenerationTargetToDatabase.java:80)
	... 36 common frames omitted
2026-09-19 16:56:37 [DEBUG] org.hibernate.SQL - alter table orders add constraint FK32ql8ubntj5uh44ph9659tiih foreign key (user_id) references users (id)
2026-09-19 16:56:37 [WARN] org.hibernate.tool.schema.internal.ExceptionHandlerLoggedImpl - GenerationTarget encountered exception accepting command : Error executing DDL "alter table orders add constraint FK32ql8ubntj5uh44ph9659tiih foreign key (user_id) references users (id)" via JDBC [Cannot add or update a child row: a foreign key constraint fails (`outbox_db`.`#sql-1a4c_a`, CONSTRAINT `FK32ql8ubntj5uh44ph9659tiih` FOREIGN KEY (`user_id`) REFERENCES `users` (`id`))]
org.hibernate.tool.schema.spi.CommandAcceptanceException: Error executing DDL "alter table orders add constraint FK32ql8ubntj5uh44ph9659tiih foreign key (user_id) references users (id)" via JDBC [Cannot add or update a child row: a foreign key constraint fails (`outbox_db`.`#sql-1a4c_a`, CONSTRAINT `FK32ql8ubntj5uh44ph9659tiih` FOREIGN KEY (`user_id`) REFERENCES `users` (`id`))]
	at org.hibernate.tool.schema.internal.exec.GenerationTargetToDatabase.accept(GenerationTargetToDatabase.java:94)
	at org.hibernate.tool.schema.internal.AbstractSchemaMigrator.applySqlString(AbstractSchemaMigrator.java:576)
	at org.hibernate.tool.schema.internal.AbstractSchemaMigrator.applySqlStrings(AbstractSchemaMigrator.java:516)
	at org.hibernate.tool.schema.internal.AbstractSchemaMigrator.applyForeignKeys(AbstractSchemaMigrator.java:448)
	at org.hibernate.tool.schema.internal.AbstractSchemaMigrator.performMigration(AbstractSchemaMigrator.java:269)
	at org.hibernate.tool.schema.internal.AbstractSchemaMigrator.doMigration(AbstractSchemaMigrator.java:112)
	at org.hibernate.tool.schema.spi.SchemaManagementToolCoordinator.performDatabaseAction(SchemaManagementToolCoordinator.java:280)
	at org.hibernate.tool.schema.spi.SchemaManagementToolCoordinator.lambda$process$5(SchemaManagementToolCoordinator.java:144)
	at java.base/java.util.HashMap.forEach(HashMap.java:1430)
	at org.hibernate.tool.schema.spi.SchemaManagementToolCoordinator.process(SchemaManagementToolCoordinator.java:141)
	at org.hibernate.boot.internal.SessionFactoryObserverForSchemaExport.sessionFactoryCreated(SessionFactoryObserverForSchemaExport.java:37)
	at org.hibernate.internal.SessionFactoryObserverChain.sessionFactoryCreated(SessionFactoryObserverChain.java:35)
	at org.hibernate.internal.SessionFactoryImpl.<init>(SessionFactoryImpl.java:324)
	at org.hibernate.boot.internal.SessionFactoryBuilderImpl.build(SessionFactoryBuilderImpl.java:463)
	at org.hibernate.jpa.boot.internal.EntityManagerFactoryBuilderImpl.build(EntityManagerFactoryBuilderImpl.java:1517)
	at org.springframework.orm.jpa.vendor.SpringHibernateJpaPersistenceProvider.createContainerEntityManagerFactory(SpringHibernateJpaPersistenceProvider.java:66)
	at org.springframework.orm.jpa.LocalContainerEntityManagerFactoryBean.createNativeEntityManagerFactory(LocalContainerEntityManagerFactoryBean.java:388)
	at org.springframework.orm.jpa.AbstractEntityManagerFactoryBean.buildNativeEntityManagerFactory(AbstractEntityManagerFactoryBean.java:419)
	at org.springframework.orm.jpa.AbstractEntityManagerFactoryBean.afterPropertiesSet(AbstractEntityManagerFactoryBean.java:400)
	at org.springframework.orm.jpa.LocalContainerEntityManagerFactoryBean.afterPropertiesSet(LocalContainerEntityManagerFactoryBean.java:364)
	at org.springframework.beans.factory.support.AbstractAutowireCapableBeanFactory.invokeInitMethods(AbstractAutowireCapableBeanFactory.java:1873)
	at org.springframework.beans.factory.support.AbstractAutowireCapableBeanFactory.initializeBean(AbstractAutowireCapableBeanFactory.java:1822)
	at org.springframework.beans.factory.support.AbstractAutowireCapableBeanFactory.doCreateBean(AbstractAutowireCapableBeanFactory.java:607)
	at org.springframework.beans.factory.support.AbstractAutowireCapableBeanFactory.createBean(AbstractAutowireCapableBeanFactory.java:529)
	at org.springframework.beans.factory.support.AbstractBeanFactory.lambda$doGetBean$0(AbstractBeanFactory.java:339)
	at org.springframework.beans.factory.support.DefaultSingletonBeanRegistry.getSingleton(DefaultSingletonBeanRegistry.java:373)
	at org.springframework.beans.factory.support.AbstractBeanFactory.doGetBean(AbstractBeanFactory.java:337)
	at org.springframework.beans.factory.support.AbstractBeanFactory.getBean(AbstractBeanFactory.java:207)
	at org.springframework.context.support.AbstractApplicationContext.finishBeanFactoryInitialization(AbstractApplicationContext.java:974)
	at org.springframework.context.support.AbstractApplicationContext.refresh(AbstractApplicationContext.java:628)
	at org.springframework.boot.web.servlet.context.ServletWebServerApplicationContext.refresh(ServletWebServerApplicationContext.java:146)
	at org.springframework.boot.SpringApplication.refresh(SpringApplication.java:752)
	at org.springframework.boot.SpringApplication.refreshContext(SpringApplication.java:439)
	at org.springframework.boot.SpringApplication.run(SpringApplication.java:318)
	at org.springframework.boot.SpringApplication.run(SpringApplication.java:1361)
	at org.springframework.boot.SpringApplication.run(SpringApplication.java:1350)
	at com.moinmankar.outboxsync.Application.main(Application.java:12)
Caused by: java.sql.SQLIntegrityConstraintViolationException: Cannot add or update a child row: a foreign key constraint fails (`outbox_db`.`#sql-1a4c_a`, CONSTRAINT `FK32ql8ubntj5uh44ph9659tiih` FOREIGN KEY (`user_id`) REFERENCES `users` (`id`))
	at com.mysql.cj.jdbc.exceptions.SQLError.createSQLException(SQLError.java:109)
	at com.mysql.cj.jdbc.exceptions.SQLExceptionsMapping.translateException(SQLExceptionsMapping.java:114)
	at com.mysql.cj.jdbc.StatementImpl.executeInternal(StatementImpl.java:839)
	at com.mysql.cj.jdbc.StatementImpl.execute(StatementImpl.java:687)
	at com.zaxxer.hikari.pool.ProxyStatement.execute(ProxyStatement.java:95)
	at com.zaxxer.hikari.pool.HikariProxyStatement.execute(HikariProxyStatement.java)
	at org.hibernate.tool.schema.internal.exec.GenerationTargetToDatabase.accept(GenerationTargetToDatabase.java:80)
	... 36 common frames omitted
2026-09-19 16:56:37 [INFO] org.springframework.orm.jpa.LocalContainerEntityManagerFactoryBean - Initialized JPA EntityManagerFactory for persistence unit 'default'
2026-09-19 16:56:38 [WARN] org.springframework.boot.autoconfigure.orm.jpa.JpaBaseConfiguration$JpaWebConfiguration - spring.jpa.open-in-view is enabled by default. Therefore, database queries may be performed during view rendering. Explicitly configure spring.jpa.open-in-view to disable this warning
2026-09-19 16:56:38 [INFO] org.springframework.boot.web.embedded.tomcat.TomcatWebServer - Tomcat started on port 8080 (http) with context path '/'
2026-09-19 16:56:38 [INFO] com.moinmankar.outboxsync.Application - Started Application in 4.651 seconds (process running for 4.971)
2026-09-19 16:56:38 [INFO] com.moinmankar.outboxsync.service.OutboxWorker - ========== [WORKER START] ==========
2026-09-19 16:56:38 [DEBUG] org.hibernate.SQL - select oe1_0.id,oe1_0.created_at,oe1_0.event_type,oe1_0.last_attempted_at,oe1_0.payload,oe1_0.retry_count,oe1_0.status from outbox_event oe1_0 where oe1_0.status=?
2026-09-19 16:56:38 [INFO] com.moinmankar.outboxsync.service.OutboxWorker - [WORKER] Fetched 0 pending events
2026-09-19 16:56:38 [INFO] com.moinmankar.outboxsync.service.OutboxWorker - ========== [WORKER END] ==========
2026-09-19 16:56:43 [INFO] com.moinmankar.outboxsync.service.OutboxWorker - ========== [WORKER START] ==========
2026-09-19 16:56:43 [DEBUG] org.hibernate.SQL - select oe1_0.id,oe1_0.created_at,oe1_0.event_type,oe1_0.last_attempted_at,oe1_0.payload,oe1_0.retry_count,oe1_0.status from outbox_event oe1_0 where oe1_0.status=?
2026-09-19 16:56:43 [INFO] com.moinmankar.outboxsync.service.OutboxWorker - [WORKER] Fetched 0 pending events
2026-09-19 16:56:43 [INFO] com.moinmankar.outboxsync.service.OutboxWorker - ========== [WORKER END] ==========
2026-09-19 16:56:48 [INFO] com.moinmankar.outboxsync.service.OutboxWorker - ========== [WORKER START] ==========
2026-09-19 16:56:48 [DEBUG] org.hibernate.SQL - select oe1_0.id,oe1_0.created_at,oe1_0.event_type,oe1_0.last_attempted_at,oe1_0.payload,oe1_0.retry_count,oe1_0.status from outbox_event oe1_0 where oe1_0.status=?
2026-09-19 16:56:48 [INFO] com.moinmankar.outboxsync.service.OutboxWorker - [WORKER] Fetched 0 pending events
2026-09-19 16:56:48 [INFO] com.moinmankar.outboxsync.service.OutboxWorker - ========== [WORKER END] ==========
2026-09-19 16:56:53 [INFO] com.moinmankar.outboxsync.service.OutboxWorker - ========== [WORKER START] ==========
2026-09-19 16:56:53 [DEBUG] org.hibernate.SQL - select oe1_0.id,oe1_0.created_at,oe1_0.event_type,oe1_0.last_attempted_at,oe1_0.payload,oe1_0.retry_count,oe1_0.status from outbox_event oe1_0 where oe1_0.status=?
2026-09-19 16:56:53 [INFO] com.moinmankar.outboxsync.service.OutboxWorker - [WORKER] Fetched 0 pending events
2026-09-19 16:56:53 [INFO] com.moinmankar.outboxsync.service.OutboxWorker - ========== [WORKER END] ==========
2026-09-19 16:56:58 [INFO] com.moinmankar.outboxsync.service.OutboxWorker - ========== [WORKER START] ==========
2026-09-19 16:56:58 [DEBUG] org.hibernate.SQL - select oe1_0.id,oe1_0.created_at,oe1_0.event_type,oe1_0.last_attempted_at,oe1_0.payload,oe1_0.retry_count,oe1_0.status from outbox_event oe1_0 where oe1_0.status=?
2026-09-19 16:56:58 [INFO] com.moinmankar.outboxsync.service.OutboxWorker - [WORKER] Fetched 0 pending events
2026-09-19 16:56:58 [INFO] com.moinmankar.outboxsync.service.OutboxWorker - ========== [WORKER END] ==========
2026-09-19 16:57:03 [INFO] com.moinmankar.outboxsync.service.OutboxWorker - ========== [WORKER START] ==========
2026-09-19 16:57:03 [DEBUG] org.hibernate.SQL - select oe1_0.id,oe1_0.created_at,oe1_0.event_type,oe1_0.last_attempted_at,oe1_0.payload,oe1_0.retry_count,oe1_0.status from outbox_event oe1_0 where oe1_0.status=?
2026-09-19 16:57:03 [INFO] com.moinmankar.outboxsync.service.OutboxWorker - [WORKER] Fetched 0 pending events
2026-09-19 16:57:03 [INFO] com.moinmankar.outboxsync.service.OutboxWorker - ========== [WORKER END] ==========
2026-09-19 16:57:08 [INFO] com.moinmankar.outboxsync.service.OutboxWorker - ========== [WORKER START] ==========
2026-09-19 16:57:08 [DEBUG] org.hibernate.SQL - select oe1_0.id,oe1_0.created_at,oe1_0.event_type,oe1_0.last_attempted_at,oe1_0.payload,oe1_0.retry_count,oe1_0.status from outbox_event oe1_0 where oe1_0.status=?
2026-09-19 16:57:08 [INFO] com.moinmankar.outboxsync.service.OutboxWorker - [WORKER] Fetched 0 pending events
2026-09-19 16:57:08 [INFO] com.moinmankar.outboxsync.service.OutboxWorker - ========== [WORKER END] ==========
2026-09-19 16:57:13 [INFO] com.moinmankar.outboxsync.service.OutboxWorker - ========== [WORKER START] ==========
2026-09-19 16:57:13 [DEBUG] org.hibernate.SQL - select oe1_0.id,oe1_0.created_at,oe1_0.event_type,oe1_0.last_attempted_at,oe1_0.payload,oe1_0.retry_count,oe1_0.status from outbox_event oe1_0 where oe1_0.status=?
2026-09-19 16:57:13 [INFO] com.moinmankar.outboxsync.service.OutboxWorker - [WORKER] Fetched 0 pending events
2026-09-19 16:57:13 [INFO] com.moinmankar.outboxsync.service.OutboxWorker - ========== [WORKER END] ==========
2026-09-19 16:57:18 [INFO] com.moinmankar.outboxsync.service.OutboxWorker - ========== [WORKER START] ==========
2026-09-19 16:57:18 [DEBUG] org.hibernate.SQL - select oe1_0.id,oe1_0.created_at,oe1_0.event_type,oe1_0.last_attempted_at,oe1_0.payload,oe1_0.retry_count,oe1_0.status from outbox_event oe1_0 where oe1_0.status=?
2026-09-19 16:57:18 [INFO] com.moinmankar.outboxsync.service.OutboxWorker - [WORKER] Fetched 0 pending events
2026-09-19 16:57:18 [INFO] com.moinmankar.outboxsync.service.OutboxWorker - ========== [WORKER END] ==========
2026-09-19 16:57:23 [INFO] com.moinmankar.outboxsync.service.OutboxWorker - ========== [WORKER START] ==========
2026-09-19 16:57:23 [DEBUG] org.hibernate.SQL - select oe1_0.id,oe1_0.created_at,oe1_0.event_type,oe1_0.last_attempted_at,oe1_0.payload,oe1_0.retry_count,oe1_0.status from outbox_event oe1_0 where oe1_0.status=?
2026-09-19 16:57:23 [INFO] com.moinmankar.outboxsync.service.OutboxWorker - [WORKER] Fetched 0 pending events
2026-09-19 16:57:23 [INFO] com.moinmankar.outboxsync.service.OutboxWorker - ========== [WORKER END] ==========
2026-09-19 16:57:28 [INFO] com.moinmankar.outboxsync.service.OutboxWorker - ========== [WORKER START] ==========
2026-09-19 16:57:28 [DEBUG] org.hibernate.SQL - select oe1_0.id,oe1_0.created_at,oe1_0.event_type,oe1_0.last_attempted_at,oe1_0.payload,oe1_0.retry_count,oe1_0.status from outbox_event oe1_0 where oe1_0.status=?
2026-09-19 16:57:28 [INFO] com.moinmankar.outboxsync.service.OutboxWorker - [WORKER] Fetched 0 pending events
2026-09-19 16:57:28 [INFO] com.moinmankar.outboxsync.service.OutboxWorker - ========== [WORKER END] ==========
2026-09-19 16:57:33 [INFO] com.moinmankar.outboxsync.service.OutboxWorker - ========== [WORKER START] ==========
2026-09-19 16:57:33 [DEBUG] org.hibernate.SQL - select oe1_0.id,oe1_0.created_at,oe1_0.event_type,oe1_0.last_attempted_at,oe1_0.payload,oe1_0.retry_count,oe1_0.status from outbox_event oe1_0 where oe1_0.status=?
2026-09-19 16:57:33 [INFO] com.moinmankar.outboxsync.service.OutboxWorker - [WORKER] Fetched 0 pending events
2026-09-19 16:57:33 [INFO] com.moinmankar.outboxsync.service.OutboxWorker - ========== [WORKER END] ==========
